Microchip MPLAB XC8 Compiler V1.45 ()

Linker command line:

-W-3 --edf=/opt/microchip/xc8/v1.45/dat/en_msgs.txt -cs \
  -h+dist/default/production/nozzle.X.production.sym \
  --cmf=dist/default/production/nozzle.X.production.cmf -z -Q16F877A \
  -o/tmp/xcXwtsoGl -Mdist/default/production/nozzle.X.production.map -E1 \
  -ver=XC8 -ASTACK=0110h-016fh -pstack=STACK -ACODE=00h-07FFhx4 \
  -ASTRCODE=00h-01FFFh -ASTRING=00h-0FFhx32 -ACONST=00h-0FFhx32 \
  -AENTRY=00h-0FFhx32 -ACOMMON=070h-07Fh -ABANK0=020h-06Fh \
  -ABANK1=0A0h-0EFh -ABANK2=0110h-016Fh -ABANK3=0190h-01EFh \
  -ARAM=020h-06Fh,0A0h-0EFh,0110h-016Fh,0190h-01EFh \
  -AABS1=020h-07Fh,0A0h-0EFh,0110h-016Fh,0190h-01EFh -ASFR0=00h-01Fh \
  -ASFR1=080h-09Fh -ASFR2=0100h-010Fh -ASFR3=0180h-018Fh \
  -preset_vec=00h,intentry=04h,init,end_init -ppowerup=CODE -pcinit=CODE \
  -pfunctab=ENTRY -ACONFIG=02007h-02007h -pconfig=CONFIG -DCONFIG=2 \
  -AIDLOC=02000h-02003h -pidloc=IDLOC -DIDLOC=2 -AEEDATA=00h-0FFh/02100h \
  -peeprom_data=EEDATA -DEEDATA=2 -DCODE=2 -DSTRCODE=2 -DSTRING=2 -DCONST=2 \
  -DENTRY=2 -k /tmp/xcXPlxJuH.obj \
  dist/default/production/nozzle.X.production.obj 

Object code version is 3.11

Machine type is 16F877A



                Name                               Link     Load   Length Selector   Space Scale
/tmp/xcXPlxJuH.obj
                end_init                             12       12        3        8       0
                reset_vec                             0        0        3        0       0
                config                             2007     2007        1     400E       0
dist/default/production/nozzle.X.production.obj
                cinit                                15       15       3A        8       0
                functab                              4F       4F       4A       9E       0
                intentry                              4        4        E        8       0
                text35                               99       99       67      132       0
                text34                              922      922       27     1244       0
                text33                              B55      B55       57     16AA       0
                text32                              840      840       10     1080       0
                text31                              CE5      CE5       72     19CA       0
                text30                              832      832        E     1064       0
                text29                              860      860       13     10C0       0
                text28                              E30      E30       DD     1C60       0
                text27                              850      850       10     10A0       0
                text26                              A09      A09       3A     1412       0
                text25                              81C      81C        A     1038       0
                text24                              A82      A82       40     1504       0
                text23                              7F6      7F6        A      98E       0
                text22                              8DB      8DB       22     11B6       0
                text21                              873      873       13     10E6       0
                text20                              99C      99C       35     1338       0
                text19                              826      826        C     104C       0
                text18                              9D1      9D1       38     13A2       0
                text17                              AC2      AC2       42     1584       0
                text16                              F0D      F0D       F3     1E1A       0
                text15                              673      673      104      98E       0
                text14                              BAC      BAC       5E     1758       0
                text13                              886      886       1A     110C       0
                text12                              8BD      8BD       1E     117A       0
                text11                              D57      D57       D9     1AAE       0
                text10                              810      810        1     1020       0
                text9                               C74      C74       71     18E8       0
                text8                               A43      A43       3F     1486       0
                text7                               B04      B04       51     1608       0
                text6                               777      777       7F      98E       0
                text5                               970      970       2C     12E0       0
                text4                               C0A      C0A       6A     1814       0
                text3                               8A0      8A0       1D     1140       0
                text2                               8FD      8FD       25     11FA       0
                text1                               949      949       27     1292       0
                maintext                            4C7      4C7      1AC      98E       0
                cstackBANK0                          46       46       22       20       1
                cstackCOMMON                         70       70        7       70       1
                clrtext                             814      814        8     1028       0
                bssBANK3                            190      190       40      190       1
                bssBANK1                             A0       A0       46       A0       1
                dataBANK0                            68       68        3       20       1
                bssBANK0                             20       20       26       20       1
                dataCOMMON                           7D       7D        1       70       1
                bssCOMMON                            77       77        6       70       1
                stringtext                          100      100      3C7        2       0
                idataBANK0                          811      811        3     1022       0
                idataCOMMON                           3        3        1        0       0

TOTAL           Name                               Link     Load   Length     Space
        CLASS   STACK          

        CLASS   CODE           
                end_init                             12       12        3         0
                cinit                                15       15       3A         0
                intentry                              4        4        E         0
                reset_vec                             0        0        3         0
                text35                               99       99       67         0
                text34                              922      922       27         0
                text33                              B55      B55       57         0
                text32                              840      840       10         0
                text31                              CE5      CE5       72         0
                text30                              832      832        E         0
                text29                              860      860       13         0
                text28                              E30      E30       DD         0
                text27                              850      850       10         0
                text26                              A09      A09       3A         0
                text25                              81C      81C        A         0
                text24                              A82      A82       40         0
                text23                              7F6      7F6        A         0
                text22                              8DB      8DB       22         0
                text21                              873      873       13         0
                text20                              99C      99C       35         0
                text19                              826      826        C         0
                text18                              9D1      9D1       38         0
                text17                              AC2      AC2       42         0
                text16                              F0D      F0D       F3         0
                text15                              673      673      104         0
                text14                              BAC      BAC       5E         0
                text13                              886      886       1A         0
                text12                              8BD      8BD       1E         0
                text11                              D57      D57       D9         0
                text10                              810      810        1         0
                text9                               C74      C74       71         0
                text8                               A43      A43       3F         0
                text7                               B04      B04       51         0
                text6                               777      777       7F         0
                text5                               970      970       2C         0
                text4                               C0A      C0A       6A         0
                text3                               8A0      8A0       1D         0
                text2                               8FD      8FD       25         0
                text1                               949      949       27         0
                maintext                            4C7      4C7      1AC         0
                clrtext                             814      814        8         0
                idataBANK0                          811      811        3         0
                idataCOMMON                           3        3        1         0

        CLASS   STRCODE        
                stringtext                          100      100      3C7         0

        CLASS   STRING         

        CLASS   CONST          

        CLASS   ENTRY          
                functab                              4F       4F       4A         0

        CLASS   COMMON         
                cstackCOMMON                         70       70        7         1
                dataCOMMON                           7D       7D        1         1
                bssCOMMON                            77       77        6         1

        CLASS   BANK0          
                cstackBANK0                          46       46       22         1
                dataBANK0                            68       68        3         1
                bssBANK0                             20       20       26         1

        CLASS   BANK1          
                bssBANK1                             A0       A0       46         1

        CLASS   BANK2          

        CLASS   BANK3          
                bssBANK3                            190      190       40         1

        CLASS   RAM            

        CLASS   ABS1           
                abs_s1                               7E       7E        2         1

        CLASS   SFR0           

        CLASS   SFR1           

        CLASS   SFR2           

        CLASS   SFR3           

        CLASS   CONFIG         
                config                             2007     2007        1         0

        CLASS   IDLOC          

        CLASS   EEDATA         



SEGMENTS        Name                           Load    Length   Top    Selector   Space  Class     Delta

                reset_vec                      000000  000004  000004         0       0  CODE        2
                intentry                       000004  00004B  00004F         8       0  CODE        2
                bssBANK0                       000020  00004B  00006B        20       1  BANK0       1
                cstackCOMMON                   000070  00000E  00007E        70       1  COMMON      1
                functab                        00004F  00004A  000099        9E       0  ENTRY       2
                bssBANK1                       0000A0  000046  0000E6        A0       1  BANK1       1
                text35                         000099  000067  000100       132       0  CODE        2
                bssBANK3                       000190  000040  0001D0       190       1  BANK3       1
                stringtext                     000100  0003C7  0004C7         2       0  STRCODE     2
                maintext                       0004C7  000339  000800       98E       0  CODE        2
                text10                         000810  000001  000811      1020       0  CODE        2
                idataBANK0                     000811  000003  000814      1022       0  CODE        2
                clrtext                        000814  000008  00081C      1028       0  CODE        2
                text25                         00081C  00000A  000826      1038       0  CODE        2
                text19                         000826  00000C  000832      104C       0  CODE        2
                text30                         000832  00000E  000840      1064       0  CODE        2
                text32                         000840  000010  000850      1080       0  CODE        2
                text27                         000850  000010  000860      10A0       0  CODE        2
                text29                         000860  000013  000873      10C0       0  CODE        2
                text21                         000873  000013  000886      10E6       0  CODE        2
                text13                         000886  00001A  0008A0      110C       0  CODE        2
                text3                          0008A0  00001D  0008BD      1140       0  CODE        2
                text12                         0008BD  00001E  0008DB      117A       0  CODE        2
                text22                         0008DB  000022  0008FD      11B6       0  CODE        2
                text2                          0008FD  000025  000922      11FA       0  CODE        2
                text34                         000922  000027  000949      1244       0  CODE        2
                text1                          000949  000027  000970      1292       0  CODE        2
                text5                          000970  00002C  00099C      12E0       0  CODE        2
                text20                         00099C  000035  0009D1      1338       0  CODE        2
                text18                         0009D1  000038  000A09      13A2       0  CODE        2
                text26                         000A09  00003A  000A43      1412       0  CODE        2
                text8                          000A43  00003F  000A82      1486       0  CODE        2
                text24                         000A82  000040  000AC2      1504       0  CODE        2
                text17                         000AC2  000042  000B04      1584       0  CODE        2
                text7                          000B04  000051  000B55      1608       0  CODE        2
                text33                         000B55  000057  000BAC      16AA       0  CODE        2
                text14                         000BAC  00005E  000C0A      1758       0  CODE        2
                text4                          000C0A  00006A  000C74      1814       0  CODE        2
                text9                          000C74  000071  000CE5      18E8       0  CODE        2
                text31                         000CE5  000072  000D57      19CA       0  CODE        2
                text11                         000D57  0000D9  000E30      1AAE       0  CODE        2
                text28                         000E30  0000DD  000F0D      1C60       0  CODE        2
                text16                         000F0D  0000F3  001000      1E1A       0  CODE        2
                config                         002007  000001  002008      400E       0  CONFIG      2


UNUSED ADDRESS RANGES

        Name                Unused          Largest block    Delta
        BANK0            006B-006F              5           1
        BANK1            00E6-00EF              A           1
        BANK2            0110-016F             60           1
        BANK3            01D0-01EF             20           1
        CODE             0800-080F             10           2
                         1000-1FFF            800
        CONST            0800-080F             10           2
                         1000-1FFF            100
        EEDATA           2100-21FF            100           2
        ENTRY            0800-080F             10           2
                         1000-1FFF            100
        IDLOC            2000-2003              4           2
        RAM              006B-006F              5           1
                         00E6-00EF              A
                         0110-016F             60
                         01D0-01EF             20
        SFR0             0000-001F             20           1
        SFR1             0080-009F             20           1
        SFR2             0100-010F             10           1
        SFR3             0180-018F             10           1
        STACK            0110-016F             60           1
        STRCODE          0800-080F             10           2
                         1000-1FFF           1000
        STRING           0800-080F             10           2
                         1000-1FFF            100

                                  Symbol Table

_ADCON0                        (abs)        001F
_ADCON0bits                    (abs)        001F
_ADCON1                        (abs)        009F
_ADRESH                        (abs)        001E
_EEADR                         (abs)        010D
_EECON1bits                    (abs)        018C
_EECON2                        (abs)        018D
_EEDATA                        (abs)        010C
_INTCONbits                    (abs)        000B
_OPTION_REGbits                (abs)        0081
_PIE1bits                      (abs)        008C
_PIR1bits                      (abs)        000C
_PIR2bits                      (abs)        000D
_PORTD                         (abs)        0008
_PORTDbits                     (abs)        0008
_PR2                           (abs)        0092
_RCREG                         (abs)        001A
_RCSTA                         (abs)        0018
_SPBRG                         (abs)        0099
_T1CON                         (abs)        0010
_T2CON                         (abs)        0012
_TMR0                          (abs)        0001
_TMR1                          (abs)        000E
_TMR2                          (abs)        0011
_TRISD                         (abs)        0088
_TRISDbits                     (abs)        0088
_TXREG                         (abs)        0019
_TXSTA                         (abs)        0098
__CFG_BOREN$ON                 (abs)        0000
__CFG_CP$OFF                   (abs)        0000
__CFG_CPD$OFF                  (abs)        0000
__CFG_FOSC$HS                  (abs)        0000
__CFG_LVP$OFF                  (abs)        0000
__CFG_PWRTE$OFF                (abs)        0000
__CFG_WDTE$ON                  (abs)        0000
__CFG_WRT$OFF                  (abs)        0000
__Habs1                        abs1         0000
__Hbank0                       bank0        0000
__Hbank1                       bank1        0000
__Hbank2                       bank2        0000
__Hbank3                       bank3        0000
__HbssBANK0                    bssBANK0     0000
__HbssBANK1                    bssBANK1     0000
__HbssBANK3                    bssBANK3     0000
__HbssCOMMON                   bssCOMMON    0000
__Hcinit                       cinit        004F
__Hclrtext                     clrtext      0000
__Hcode                        code         0000
__Hcommon                      common       0000
__Hconfig                      config       2008
__HcstackBANK0                 cstackBANK0  0000
__HcstackCOMMON                cstackCOMMON 0000
__HdataBANK0                   dataBANK0    0000
__HdataCOMMON                  dataCOMMON   0000
__Heeprom_data                 eeprom_data  0000
__Hend_init                    end_init     0015
__Hfunctab                     functab      0099
__HidataBANK0                  idataBANK0   0000
__HidataCOMMON                 idataCOMMON  0000
__Hidloc                       idloc        0000
__Hinit                        init         0012
__Hintentry                    intentry     0012
__Hmaintext                    maintext     0000
__Hpowerup                     powerup      0000
__Hram                         ram          0000
__Hreset_vec                   reset_vec    0003
__Hsfr0                        sfr0         0000
__Hsfr1                        sfr1         0000
__Hsfr2                        sfr2         0000
__Hsfr3                        sfr3         0000
__Hspace_0                     (abs)        2008
__Hspace_1                     (abs)        01D0
__Hspace_2                     (abs)        0000
__Hspace_3                     (abs)        0000
__Hstack                       stack        0000
__Hstrings                     strings      0000
__Hstringtext                  stringtext   0000
__Htext                        text         0000
__Labs1                        abs1         0000
__Lbank0                       bank0        0000
__Lbank1                       bank1        0000
__Lbank2                       bank2        0000
__Lbank3                       bank3        0000
__LbssBANK0                    bssBANK0     0000
__LbssBANK1                    bssBANK1     0000
__LbssBANK3                    bssBANK3     0000
__LbssCOMMON                   bssCOMMON    0000
__Lcinit                       cinit        0015
__Lclrtext                     clrtext      0000
__Lcode                        code         0000
__Lcommon                      common       0000
__Lconfig                      config       2007
__LcstackBANK0                 cstackBANK0  0000
__LcstackCOMMON                cstackCOMMON 0000
__LdataBANK0                   dataBANK0    0000
__LdataCOMMON                  dataCOMMON   0000
__Leeprom_data                 eeprom_data  0000
__Lend_init                    end_init     0012
__Lfunctab                     functab      004F
__LidataBANK0                  idataBANK0   0000
__LidataCOMMON                 idataCOMMON  0000
__Lidloc                       idloc        0000
__Linit                        init         0012
__Lintentry                    intentry     0004
__Lmaintext                    maintext     0000
__Lpowerup                     powerup      0000
__Lram                         ram          0000
__Lreset_vec                   reset_vec    0000
__Lsfr0                        sfr0         0000
__Lsfr1                        sfr1         0000
__Lsfr2                        sfr2         0000
__Lsfr3                        sfr3         0000
__Lspace_0                     (abs)        0000
__Lspace_1                     (abs)        0000
__Lspace_2                     (abs)        0000
__Lspace_3                     (abs)        0000
__Lstack                       stack        0000
__Lstrings                     strings      0000
__Lstringtext                  stringtext   0000
__Ltext                        text         0000
__S0                           (abs)        2008
__S1                           (abs)        01D0
__S2                           (abs)        0000
__S3                           (abs)        0000
___bmul                        text29       0860
___bmul@multiplicand           cstackBANK0  0046
___bmul@multiplier             cstackBANK0  0049
___bmul@product                cstackBANK0  0048
___int_sp                      stack        0000
___latbits                     (abs)        0002
___sp                          stack        0000
__end_of___bmul                text29       0873
__end_of__fptable              functab      008D
__end_of__i1fptable            functab      0099
__end_of__initialization       cinit        004B
__end_of__stringtab            stringtext   0112
__end_of_arm_motors            text20       09D1
__end_of_button0_data          stringtext   0204
__end_of_button7_data          stringtext   02D9
__end_of_button8_data          stringtext   0292
__end_of_button9_data          stringtext   024B
__end_of_capture_adc           text31       0D57
__end_of_charge_adc            text32       0850
__end_of_cos_table             stringtext   01AD
__end_of_disarm_motors         text19       0832
__end_of_do_preset_angle       text24       0AC2
__end_of_do_preset_center      text22       08FD
__end_of_do_preset_delay1      text23       0800
__end_of_do_preset_delay2      text25       0826
__end_of_do_preset_pitch       text26       0A43
__end_of_do_preset_save1       text21       0886
__end_of_do_preset_save2       text27       0860
__end_of_down_data             stringtext   043C
__end_of_fastfwd_data          stringtext   0320
__end_of_fastrev_data          stringtext   0367
__end_of_handle_ir             text14       0C0A
__end_of_handle_ir2            text15       0777
__end_of_handle_ir_code        text16       1000
__end_of_handle_preset_button  text17       0B04
__end_of_handle_uart           text13       08A0
__end_of_hex_table             stringtext   01BD
__end_of_ir_codes              stringtext   04AB
__end_of_isr                   text33       0BAC
__end_of_left_data             stringtext   03F5
__end_of_main                  maintext     0673
__end_of_memset                text12       08DB
__end_of_motor_home1           text9        0CE5
__end_of_motor_home2           text4        0C74
__end_of_motor_home3           text5        099C
__end_of_motor_home4           text6        07F6
__end_of_motor_home5           text7        0B55
__end_of_motor_home6           text8        0A82
__end_of_motor_idle            text10       0811
__end_of_motor_tracking        text11       0E30
__end_of_motors_tracking       text30       0840
__end_of_print_byte            text3        08BD
__end_of_print_text            text2        0922
__end_of_pwm_off               text34       0949
__end_of_pwm_on                text35       0100
__end_of_read_presets          text1        0970
__end_of_right_data            stringtext   03AE
__end_of_sin_table             stringtext   0185
__end_of_step_to_encoders      stringtext   015D
__end_of_up_data               stringtext   0483
__end_of_update_motors         text28       0F0D
__end_of_write_presets         text18       0A09
__fptable                      functab      004F
__i1fptable                    functab      008D
__initialization               cinit        0015
__pbssBANK0                    bssBANK0     0020
__pbssBANK1                    bssBANK1     00A0
__pbssBANK3                    bssBANK3     0190
__pbssCOMMON                   bssCOMMON    0077
__pcstackBANK0                 cstackBANK0  0046
__pcstackCOMMON                cstackCOMMON 0070
__pdataBANK0                   dataBANK0    0068
__pdataCOMMON                  dataCOMMON   007D
__pfunctab                     functab      004F
__pidataBANK0                  idataBANK0   0811
__pidataCOMMON                 idataCOMMON  0003
__pintentry                    intentry     0004
__pmaintext                    maintext     04C7
__pstringtext                  stringtext   0100
__ptext1                       text1        0949
__ptext10                      text10       0810
__ptext11                      text11       0D57
__ptext12                      text12       08BD
__ptext13                      text13       0886
__ptext14                      text14       0BAC
__ptext15                      text15       0673
__ptext16                      text16       0F0D
__ptext17                      text17       0AC2
__ptext18                      text18       09D1
__ptext19                      text19       0826
__ptext2                       text2        08FD
__ptext20                      text20       099C
__ptext21                      text21       0873
__ptext22                      text22       08DB
__ptext23                      text23       07F6
__ptext24                      text24       0A82
__ptext25                      text25       081C
__ptext26                      text26       0A09
__ptext27                      text27       0850
__ptext28                      text28       0E30
__ptext29                      text29       0860
__ptext3                       text3        08A0
__ptext30                      text30       0832
__ptext31                      text31       0CE5
__ptext32                      text32       0840
__ptext33                      text33       0B55
__ptext34                      text34       0922
__ptext35                      text35       0099
__ptext4                       text4        0C0A
__ptext5                       text5        0970
__ptext6                       text6        0777
__ptext7                       text7        0B04
__ptext8                       text8        0A43
__ptext9                       text9        0C74
__size_of___bmul               (abs)        0000
__size_of__fptable             (abs)        0000
__size_of__i1fptable           (abs)        0000
__size_of_arm_motors           (abs)        0000
__size_of_capture_adc          (abs)        0000
__size_of_charge_adc           (abs)        0000
__size_of_disarm_motors        (abs)        0000
__size_of_do_preset_angle      (abs)        0000
__size_of_do_preset_center     (abs)        0000
__size_of_do_preset_delay1     (abs)        0000
__size_of_do_preset_delay2     (abs)        0000
__size_of_do_preset_pitch      (abs)        0000
__size_of_do_preset_save1      (abs)        0000
__size_of_do_preset_save2      (abs)        0000
__size_of_handle_ir            (abs)        0000
__size_of_handle_ir2           (abs)        0000
__size_of_handle_ir_code       (abs)        0000
__size_of_handle_preset_button (abs)        0000
__size_of_handle_uart          (abs)        0000
__size_of_isr                  (abs)        0000
__size_of_main                 (abs)        0000
__size_of_memset               (abs)        0000
__size_of_motor_home1          (abs)        0000
__size_of_motor_home2          (abs)        0000
__size_of_motor_home3          (abs)        0000
__size_of_motor_home4          (abs)        0000
__size_of_motor_home5          (abs)        0000
__size_of_motor_home6          (abs)        0000
__size_of_motor_idle           (abs)        0000
__size_of_motor_tracking       (abs)        0000
__size_of_motors_tracking      (abs)        0000
__size_of_print_byte           (abs)        0000
__size_of_print_text           (abs)        0000
__size_of_pwm_off              (abs)        0000
__size_of_pwm_on               (abs)        0000
__size_of_read_presets         (abs)        0000
__size_of_update_motors        (abs)        0000
__size_of_write_presets        (abs)        0000
__stringbase                   stringtext   0112
__stringtab                    stringtext   0100
_adc_counter                   bssBANK0     0026
_adc_state                     dataBANK0    0068
_arm_motors                    text20       099C
_armed                         bssBANK0     003A
_button0_data                  stringtext   01BD
_button7_data                  stringtext   0292
_button8_data                  stringtext   024B
_button9_data                  stringtext   0204
_capture_adc                   text31       0CE5
_charge_adc                    text32       0840
_current_adc                   bssBANK0     0034
_current_motor                 bssBANK0     0036
_current_preset                bssBANK0     0031
_disarm_motors                 text19       0826
_do_preset_angle               text24       0A82
_do_preset_center              text22       08DB
_do_preset_delay1              text23       07F6
_do_preset_delay2              text25       081C
_do_preset_pitch               text26       0A09
_do_preset_save1               text21       0873
_do_preset_save2               text27       0850
_down_data                     stringtext   03F5
_fastfwd_data                  stringtext   02D9
_fastrev_data                  stringtext   0320
_first_edge                    dataBANK0    006A
_got_ir_int                    bssBANK0     0029
_got_tick                      bssBANK0     0038
_got_tmr2                      bssBANK0     0028
_handle_ir                     text14       0BAC
_handle_ir2                    text15       0673
_handle_ir_code                text16       0F0D
_handle_preset_button          text17       0AC2
_handle_uart                   text13       0886
_have_ir                       bssBANK0     002C
_have_serial                   bssBANK0     003C
_hex_table                     stringtext   01AD
_interrupt_done                bssCOMMON    007C
_ir_code                       bssBANK0     002B
_ir_code_failed                bssBANK1     00A0
_ir_codes                      stringtext   0483
_ir_offset                     bssBANK0     002D
_ir_time                       bssBANK0     0024
_ir_timeout                    bssBANK0     0027
_isr                           text33       0B55
_led_counter                   bssBANK0     0039
_left_data                     stringtext   03AE
_main                          maintext     04C7
_memset                        text12       08BD
_motor_home1                   text9        0C74
_motor_home1$537               cstackBANK0  004D
_motor_home2                   text4        0C0A
_motor_home2$520               cstackBANK0  004D
_motor_home3                   text5        0970
_motor_home4                   text6        0777
_motor_home4$488               cstackBANK0  004D
_motor_home5                   text7        0B04
_motor_home6                   text8        0A43
_motor_idle                    text10       0810
_motor_master                  bssBANK0     0035
_motor_state                   dataBANK0    0069
_motor_tracking                text11       0D57
_motors_tracking               text30       0832
_nozzle_angle                  bssBANK0     0033
_nozzle_pitch                  bssBANK0     0045
_orig_nozzle_angle             bssBANK0     002F
_preset_delay                  bssBANK0     002E
_preset_state                  bssBANK0     0030
_presets                       bssBANK0     003D
_print_byte                    text3        08A0
_print_text                    text2        08FD
_pwm_duty                      bssCOMMON    0077
_pwm_duty_counter              bssBANK0     0020
_pwm_off                       text34       0922
_pwm_on                        text35       0099
_pwm_state                     dataCOMMON   007D
_read_presets                  text1        0949
_repeat_delay                  bssBANK0     002A
_right_data                    stringtext   0367
_sensors                       bssBANK1     00CE
_serial_in                     bssBANK0     003B
_setting_preset                bssBANK0     0032
_step_to_encoders              stringtext   0112
_tick                          bssBANK0     0037
_tmr2_high                     bssBANK0     0022
_tracking_state                bssBANK1     00AA
_uart_buffer                   bssBANK3     0190
_uart_position1                bssCOMMON    007A
_uart_position2                bssCOMMON    0079
_uart_size                     bssCOMMON    007B
_up_data                       stringtext   043C
_update_motors                 text28       0E30
_write_presets                 text18       09D1
btemp                          (abs)        007E
capture_adc@sensor             cstackBANK0  0048
clear_ram0                     clrtext      0814
do_preset_angle@want_angle     cstackBANK0  004F
do_preset_pitch@want_pitch     cstackBANK0  0050
end_of_initialization          cinit        004B
fpbase                         functab      0054
fptable                        functab      004F
fptotal                        (abs)        0027
handle_ir2@code                cstackBANK0  005F
handle_ir2@data                cstackBANK0  0057
handle_ir2@data_value          cstackBANK0  005D
handle_ir2@error               cstackBANK0  0059
handle_ir2@got_it              cstackBANK0  005C
handle_ir2@got_one             cstackBANK0  005B
handle_ir2@i                   cstackBANK0  0061
handle_ir@i                    cstackBANK0  0063
handle_preset_button@preset    cstackBANK0  004E
i1fpbase                       functab      0092
i1fptable                      functab      008D
i1fptotal                      (abs)        0006
interrupt_function             intentry     0004
intlevel0                      functab      004F
intlevel1                      functab      004F
intlevel2                      functab      004F
intlevel3                      functab      004F
intlevel4                      functab      004F
intlevel5                      functab      004F
main@i                         cstackBANK0  0067
main@tracking                  cstackBANK0  0066
memset@c                       cstackBANK0  0046
memset@n                       cstackBANK0  0048
memset@p                       cstackBANK0  004C
memset@p1                      cstackBANK0  004B
motor_home1@current_boundary   cstackBANK0  004C
motor_home1@sensor_value       cstackBANK0  0050
motor_home1@tracking           cstackBANK0  004F
motor_home2@current_boundary   cstackBANK0  004C
motor_home2@sensor_value       cstackBANK0  0050
motor_home2@tracking           cstackBANK0  004F
motor_home3@tracking           cstackBANK0  004C
motor_home4@current_boundary   cstackBANK0  004C
motor_home4@current_encoder    cstackBANK0  0050
motor_home4@sensor_value       cstackBANK0  0051
motor_home4@tracking           cstackBANK0  004F
motor_home5@current_encoder    cstackBANK0  004D
motor_home5@tracking           cstackBANK0  004E
motor_home6@current_encoder    cstackBANK0  004C
motor_home6@tracking           cstackBANK0  004D
motor_tracking@encoder         cstackBANK0  004C
motor_tracking@tracking        cstackBANK0  004D
print_byte@c                   cstackBANK0  0047
print_text@s                   cstackBANK0  0048
pwm_off@prev_port              cstackCOMMON 0071
pwm_on@temp_mask               cstackCOMMON 0071
read_presets@i                 cstackBANK0  0048
read_presets@ptr               cstackBANK0  0047
reset_vec                      reset_vec    0000
saved_w                        (abs)        007E
stackhi                        (abs)        0000
stacklo                        (abs)        0000
start                          init         0012
start_initialization           cinit        0015
update_motors@diff             cstackBANK0  004C
update_motors@diff_551         cstackBANK0  004D
write_presets@i                cstackBANK0  0048
write_presets@ptr              cstackBANK0  0047
wtemp0                         (abs)        007E


FUNCTION INFORMATION:

 *************** function _main *****************
 Defined at:
		line 1740 in file "nozzle.c"
 Parameters:    Size  Location     Type
		None
 Auto vars:     Size  Location     Type
  tracking        1   32[BANK0 ] PTR struct .
		 -> tracking_state(36), 
  i               1   33[BANK0 ] unsigned char 
 Return value:  Size  Location     Type
                  1    wreg      void 
 Registers used:
		wreg, fsr0l, fsr0h, status,2, status,0, btemp+1, pclath, cstack
 Tracked objects:
		On entry : 
		On exit  : 
		Unchanged: 
 Data sizes:     COMMON   BANK0   BANK1   BANK3   BANK2
      Params:         0       0       0       0       0
      Locals:         0       2       0       0       0
      Temps:          0       2       0       0       0
      Totals:         0       4       0       0       0
Total ram usage:        4 bytes
 Hardware stack levels required when called:    8
 This function calls:
		Absolute function
		___bmul
		_capture_adc
		_charge_adc
		_do_preset_angle
		_do_preset_center
		_do_preset_delay1
		_do_preset_delay2
		_do_preset_pitch
		_do_preset_save1
		_do_preset_save2
		_handle_ir
		_handle_uart
		_memset
		_motor_home1
		_motor_home2
		_motor_home3
		_motor_home4
		_motor_home5
		_motor_home6
		_motor_idle
		_motor_tracking
		_print_text
		_read_presets
 This function is called by:
		Startup code after reset
 This function uses a non-reentrant model


 *************** function _read_presets *****************
 Defined at:
		line 884 in file "nozzle.c"
 Parameters:    Size  Location     Type
		None
 Auto vars:     Size  Location     Type
  i               1    2[BANK0 ] unsigned char 
  ptr             1    1[BANK0 ] PTR unsigned char 
		 -> presets(8), 
 Return value:  Size  Location     Type
                  1    wreg      void 
 Registers used:
		wreg, fsr0l, fsr0h, status,2, status,0
 Tracked objects:
		On entry : 
		On exit  : 
		Unchanged: 
 Data sizes:     COMMON   BANK0   BANK1   BANK3   BANK2
      Params:         0       0       0       0       0
      Locals:         0       2       0       0       0
      Temps:          0       1       0       0       0
      Totals:         0       3       0       0       0
Total ram usage:        3 bytes
 Hardware stack levels used:    1
 Hardware stack levels required when called:    2
 This function calls:
		Nothing
 This function is called by:
		_main
 This function uses a non-reentrant model


 *************** function _print_text *****************
 Defined at:
		line 343 in file "nozzle.c"
 Parameters:    Size  Location     Type
  s               2    2[BANK0 ] PTR const unsigned char 
		 -> STR_1(28), 
 Auto vars:     Size  Location     Type
		None
 Return value:  Size  Location     Type
                  1    wreg      void 
 Registers used:
		wreg, fsr0l, fsr0h, status,2, status,0, btemp+1, pclath, cstack
 Tracked objects:
		On entry : 
		On exit  : 
		Unchanged: 
 Data sizes:     COMMON   BANK0   BANK1   BANK3   BANK2
      Params:         0       2       0       0       0
      Locals:         0       0       0       0       0
      Temps:          0       0       0       0       0
      Totals:         0       2       0       0       0
Total ram usage:        2 bytes
 Hardware stack levels used:    1
 Hardware stack levels required when called:    3
 This function calls:
		_print_byte
 This function is called by:
		_main
 This function uses a non-reentrant model


 *************** function _print_byte *****************
 Defined at:
		line 330 in file "nozzle.c"
 Parameters:    Size  Location     Type
  c               1    wreg     unsigned char 
 Auto vars:     Size  Location     Type
  c               1    1[BANK0 ] unsigned char 
 Return value:  Size  Location     Type
                  1    wreg      void 
 Registers used:
		wreg, fsr0l, fsr0h, status,2, status,0
 Tracked objects:
		On entry : 
		On exit  : 
		Unchanged: 
 Data sizes:     COMMON   BANK0   BANK1   BANK3   BANK2
      Params:         0       0       0       0       0
      Locals:         0       1       0       0       0
      Temps:          0       1       0       0       0
      Totals:         0       2       0       0       0
Total ram usage:        2 bytes
 Hardware stack levels used:    1
 Hardware stack levels required when called:    2
 This function calls:
		Nothing
 This function is called by:
		_print_text
		_print_number_nospace
		_print_number2
		_print_number
		_print_number_signed
		_print_hex2
		_print_bin
 This function uses a non-reentrant model


 *************** function _motor_home2 *****************
 Defined at:
		line 625 in file "nozzle.c"
 Parameters:    Size  Location     Type
		None
 Auto vars:     Size  Location     Type
  sensor_value    1   10[BANK0 ] unsigned char 
  tracking        1    9[BANK0 ] PTR struct .
		 -> tracking_state(36), 
  current_boun    1    6[BANK0 ] unsigned char 
 Return value:  Size  Location     Type
                  1    wreg      void 
 Registers used:
		wreg, fsr0l, fsr0h, status,2, status,0, btemp+1, pclath, cstack
 Tracked objects:
		On entry : 
		On exit  : 
		Unchanged: 
 Data sizes:     COMMON   BANK0   BANK1   BANK3   BANK2
      Params:         0       0       0       0       0
      Locals:         0       5       0       0       0
      Temps:          0       2       0       0       0
      Totals:         0       7       0       0       0
Total ram usage:        7 bytes
 Hardware stack levels used:    1
 Hardware stack levels required when called:    3
 This function calls:
		___bmul
 This function is called by:
		_motor_home1
		_main
 This function uses a non-reentrant model


 *************** function _motor_home3 *****************
 Defined at:
		line 613 in file "nozzle.c"
 Parameters:    Size  Location     Type
		None
 Auto vars:     Size  Location     Type
  tracking        1    6[BANK0 ] PTR struct .
		 -> tracking_state(36), 
 Return value:  Size  Location     Type
                  1    wreg      void 
 Registers used:
		wreg, fsr0l, fsr0h, status,2, status,0, pclath, cstack
 Tracked objects:
		On entry : 
		On exit  : 
		Unchanged: 
 Data sizes:     COMMON   BANK0   BANK1   BANK3   BANK2
      Params:         0       0       0       0       0
      Locals:         0       1       0       0       0
      Temps:          0       2       0       0       0
      Totals:         0       3       0       0       0
Total ram usage:        3 bytes
 Hardware stack levels used:    1
 Hardware stack levels required when called:    3
 This function calls:
		___bmul
 This function is called by:
		_motor_home2
		_main
 This function uses a non-reentrant model


 *************** function _motor_home4 *****************
 Defined at:
		line 598 in file "nozzle.c"
 Parameters:    Size  Location     Type
		None
 Auto vars:     Size  Location     Type
  current_enco    1   10[BANK0 ] unsigned char 
  sensor_value    1   11[BANK0 ] unsigned char 
  tracking        1    9[BANK0 ] PTR struct .
		 -> tracking_state(36), 
  current_boun    1    6[BANK0 ] unsigned char 
 Return value:  Size  Location     Type
                  1    wreg      void 
 Registers used:
		wreg, fsr0l, fsr0h, status,2, status,0, btemp+1, pclath, cstack
 Tracked objects:
		On entry : 
		On exit  : 
		Unchanged: 
 Data sizes:     COMMON   BANK0   BANK1   BANK3   BANK2
      Params:         0       0       0       0       0
      Locals:         0       6       0       0       0
      Temps:          0       2       0       0       0
      Totals:         0       8       0       0       0
Total ram usage:        8 bytes
 Hardware stack levels used:    1
 Hardware stack levels required when called:    3
 This function calls:
		___bmul
 This function is called by:
		_motor_home3
		_main
 This function uses a non-reentrant model


 *************** function _motor_home5 *****************
 Defined at:
		line 574 in file "nozzle.c"
 Parameters:    Size  Location     Type
		None
 Auto vars:     Size  Location     Type
  tracking        1    8[BANK0 ] PTR struct .
		 -> tracking_state(36), 
  current_enco    1    7[BANK0 ] unsigned char 
 Return value:  Size  Location     Type
                  1    wreg      void 
 Registers used:
		wreg, fsr0l, fsr0h, status,2, status,0, pclath, cstack
 Tracked objects:
		On entry : 
		On exit  : 
		Unchanged: 
 Data sizes:     COMMON   BANK0   BANK1   BANK3   BANK2
      Params:         0       0       0       0       0
      Locals:         0       2       0       0       0
      Temps:          0       3       0       0       0
      Totals:         0       5       0       0       0
Total ram usage:        5 bytes
 Hardware stack levels used:    1
 Hardware stack levels required when called:    3
 This function calls:
		___bmul
 This function is called by:
		_motor_home4
		_main
 This function uses a non-reentrant model


 *************** function _motor_home6 *****************
 Defined at:
		line 541 in file "nozzle.c"
 Parameters:    Size  Location     Type
		None
 Auto vars:     Size  Location     Type
  current_enco    1    6[BANK0 ] unsigned char 
  tracking        1    7[BANK0 ] PTR struct .
		 -> tracking_state(36), 
 Return value:  Size  Location     Type
                  1    wreg      void 
 Registers used:
		wreg, fsr0l, fsr0h, status,2, status,0, pclath, cstack
 Tracked objects:
		On entry : 
		On exit  : 
		Unchanged: 
 Data sizes:     COMMON   BANK0   BANK1   BANK3   BANK2
      Params:         0       0       0       0       0
      Locals:         0       2       0       0       0
      Temps:          0       2       0       0       0
      Totals:         0       4       0       0       0
Total ram usage:        4 bytes
 Hardware stack levels used:    1
 Hardware stack levels required when called:    3
 This function calls:
		___bmul
 This function is called by:
		_motor_home5
		_main
 This function uses a non-reentrant model


 *************** function _motor_home1 *****************
 Defined at:
		line 640 in file "nozzle.c"
 Parameters:    Size  Location     Type
		None
 Auto vars:     Size  Location     Type
  sensor_value    1   10[BANK0 ] unsigned char 
  tracking        1    9[BANK0 ] PTR struct .
		 -> tracking_state(36), 
  current_boun    1    6[BANK0 ] unsigned char 
 Return value:  Size  Location     Type
                  1    wreg      void 
 Registers used:
		wreg, fsr0l, fsr0h, status,2, status,0, btemp+1, pclath, cstack
 Tracked objects:
		On entry : 
		On exit  : 
		Unchanged: 
 Data sizes:     COMMON   BANK0   BANK1   BANK3   BANK2
      Params:         0       0       0       0       0
      Locals:         0       5       0       0       0
      Temps:          0       2       0       0       0
      Totals:         0       7       0       0       0
Total ram usage:        7 bytes
 Hardware stack levels used:    1
 Hardware stack levels required when called:    3
 This function calls:
		___bmul
 This function is called by:
		_motor_home6
		_arm_motors
		_main
 This function uses a non-reentrant model


 *************** function _motor_idle *****************
 Defined at:
		line 659 in file "nozzle.c"
 Parameters:    Size  Location     Type
		None
 Auto vars:     Size  Location     Type
		None
 Return value:  Size  Location     Type
                  1    wreg      void 
 Registers used:
		None
 Tracked objects:
		On entry : 
		On exit  : 
		Unchanged: 
 Data sizes:     COMMON   BANK0   BANK1   BANK3   BANK2
      Params:         0       0       0       0       0
      Locals:         0       0       0       0       0
      Temps:          0       0       0       0       0
      Totals:         0       0       0       0       0
Total ram usage:        0 bytes
 Hardware stack levels used:    1
 Hardware stack levels required when called:    2
 This function calls:
		Nothing
 This function is called by:
		_motor_home1
		_disarm_motors
		_main
 This function uses a non-reentrant model


 *************** function _motor_tracking *****************
 Defined at:
		line 460 in file "nozzle.c"
 Parameters:    Size  Location     Type
		None
 Auto vars:     Size  Location     Type
  tracking        1    7[BANK0 ] PTR struct .
		 -> tracking_state(36), 
  encoder         1    6[BANK0 ] PTR struct .
		 -> sensors(24), 
 Return value:  Size  Location     Type
                  1    wreg      void 
 Registers used:
		wreg, fsr0l, fsr0h, status,2, status,0, pclath, cstack
 Tracked objects:
		On entry : 
		On exit  : 
		Unchanged: 
 Data sizes:     COMMON   BANK0   BANK1   BANK3   BANK2
      Params:         0       0       0       0       0
      Locals:         0       2       0       0       0
      Temps:          0       2       0       0       0
      Totals:         0       4       0       0       0
Total ram usage:        4 bytes
 Hardware stack levels used:    1
 Hardware stack levels required when called:    3
 This function calls:
		___bmul
 This function is called by:
		_motor_home6
		_main
 This function uses a non-reentrant model


 *************** function _memset *****************
 Defined at:
		line 8 in file "/opt/microchip/xc8/v1.45/sources/common/memset.c"
 Parameters:    Size  Location     Type
  p1              1    wreg     PTR void 
		 -> sensors(24), 
  c               2    0[BANK0 ] int 
  n               2    2[BANK0 ] unsigned int 
 Auto vars:     Size  Location     Type
  p1              1    5[BANK0 ] PTR void 
		 -> sensors(24), 
  p               1    6[BANK0 ] PTR unsigned char 
		 -> sensors(24), 
 Return value:  Size  Location     Type
                  1    wreg      PTR void 
 Registers used:
		wreg, fsr0l, fsr0h, status,2, status,0
 Tracked objects:
		On entry : 
		On exit  : 
		Unchanged: 
 Data sizes:     COMMON   BANK0   BANK1   BANK3   BANK2
      Params:         0       4       0       0       0
      Locals:         0       2       0       0       0
      Temps:          0       1       0       0       0
      Totals:         0       7       0       0       0
Total ram usage:        7 bytes
 Hardware stack levels used:    1
 Hardware stack levels required when called:    2
 This function calls:
		Nothing
 This function is called by:
		_main
 This function uses a non-reentrant model


 *************** function _handle_uart *****************
 Defined at:
		line 414 in file "nozzle.c"
 Parameters:    Size  Location     Type
		None
 Auto vars:     Size  Location     Type
		None
 Return value:  Size  Location     Type
                  1    wreg      void 
 Registers used:
		wreg, fsr0l, fsr0h, status,2, status,0
 Tracked objects:
		On entry : 
		On exit  : 
		Unchanged: 
 Data sizes:     COMMON   BANK0   BANK1   BANK3   BANK2
      Params:         0       0       0       0       0
      Locals:         0       0       0       0       0
      Temps:          0       1       0       0       0
      Totals:         0       1       0       0       0
Total ram usage:        1 bytes
 Hardware stack levels used:    1
 Hardware stack levels required when called:    2
 This function calls:
		Nothing
 This function is called by:
		_main
		_flush_uart
 This function uses a non-reentrant model


 *************** function _handle_ir *****************
 Defined at:
		line 1242 in file "nozzle.c"
 Parameters:    Size  Location     Type
		None
 Auto vars:     Size  Location     Type
  i               1   29[BANK0 ] unsigned char 
 Return value:  Size  Location     Type
                  1    wreg      void 
 Registers used:
		wreg, fsr0l, fsr0h, status,2, status,0, btemp+1, pclath, cstack
 Tracked objects:
		On entry : 
		On exit  : 
		Unchanged: 
 Data sizes:     COMMON   BANK0   BANK1   BANK3   BANK2
      Params:         0       0       0       0       0
      Locals:         0       1       0       0       0
      Temps:          0       1       0       0       0
      Totals:         0       2       0       0       0
Total ram usage:        2 bytes
 Hardware stack levels used:    1
 Hardware stack levels required when called:    7
 This function calls:
		_handle_ir2
		_handle_ir_code
 This function is called by:
		_main
 This function uses a non-reentrant model


 *************** function _handle_ir2 *****************
 Defined at:
		line 1154 in file "nozzle.c"
 Parameters:    Size  Location     Type
		None
 Auto vars:     Size  Location     Type
  data_value      2   23[BANK0 ] int 
  error           2   19[BANK0 ] int 
  code            2   25[BANK0 ] PTR const struct .
		 -> ir_codes(40), 
  data            2   17[BANK0 ] PTR const unsigned char 
		 -> fastfwd_data(71), right_data(71), left_data(71), down_data(71), 
		 -> up_data(71), fastrev_data(71), button0_data(71), button9_data(71), 
		 -> button8_data(71), button7_data(71), 
  i               1   27[BANK0 ] unsigned char 
  got_it          1   22[BANK0 ] unsigned char 
  got_one         1   21[BANK0 ] unsigned char 
 Return value:  Size  Location     Type
                  1    wreg      void 
 Registers used:
		wreg, fsr0l, fsr0h, status,2, status,0, btemp+1, pclath, cstack
 Tracked objects:
		On entry : 
		On exit  : 
		Unchanged: 
 Data sizes:     COMMON   BANK0   BANK1   BANK3   BANK2
      Params:         0       0       0       0       0
      Locals:         0      11       0       0       0
      Temps:          0       4       0       0       0
      Totals:         0      15       0       0       0
Total ram usage:       15 bytes
 Hardware stack levels used:    1
 Hardware stack levels required when called:    6
 This function calls:
		_handle_ir_code
 This function is called by:
		_handle_ir
 This function uses a non-reentrant model


 *************** function _handle_ir_code *****************
 Defined at:
		line 1028 in file "nozzle.c"
 Parameters:    Size  Location     Type
		None
 Auto vars:     Size  Location     Type
  i               1    0        unsigned char 
 Return value:  Size  Location     Type
                  1    wreg      void 
 Registers used:
		wreg, fsr0l, fsr0h, status,2, status,0, btemp+1, pclath, cstack
 Tracked objects:
		On entry : 
		On exit  : 
		Unchanged: 
 Data sizes:     COMMON   BANK0   BANK1   BANK3   BANK2
      Params:         0       0       0       0       0
      Locals:         0       0       0       0       0
      Temps:          0       1       0       0       0
      Totals:         0       1       0       0       0
Total ram usage:        1 bytes
 Hardware stack levels used:    1
 Hardware stack levels required when called:    5
 This function calls:
		_arm_motors
		_disarm_motors
		_handle_preset_button
		_update_motors
 This function is called by:
		_handle_ir2
		_handle_ir
 This function uses a non-reentrant model


 *************** function _handle_preset_button *****************
 Defined at:
		line 926 in file "nozzle.c"
 Parameters:    Size  Location     Type
  preset          2    8[BANK0 ] int 
 Auto vars:     Size  Location     Type
		None
 Return value:  Size  Location     Type
                  1    wreg      void 
 Registers used:
		wreg, fsr0l, fsr0h, status,2, status,0, btemp+1, pclath, cstack
 Tracked objects:
		On entry : 
		On exit  : 
		Unchanged: 
 Data sizes:     COMMON   BANK0   BANK1   BANK3   BANK2
      Params:         0       2       0       0       0
      Locals:         0       0       0       0       0
      Temps:          0       2       0       0       0
      Totals:         0       4       0       0       0
Total ram usage:        4 bytes
 Hardware stack levels used:    1
 Hardware stack levels required when called:    4
 This function calls:
		_update_motors
		_write_presets
 This function is called by:
		_handle_ir_code
 This function uses a non-reentrant model


 *************** function _write_presets *****************
 Defined at:
		line 897 in file "nozzle.c"
 Parameters:    Size  Location     Type
		None
 Auto vars:     Size  Location     Type
  i               1    2[BANK0 ] unsigned char 
  ptr             1    1[BANK0 ] PTR unsigned char 
		 -> presets(8), 
 Return value:  Size  Location     Type
                  1    wreg      void 
 Registers used:
		wreg, fsr0l, fsr0h, status,2, status,0
 Tracked objects:
		On entry : 
		On exit  : 
		Unchanged: 
 Data sizes:     COMMON   BANK0   BANK1   BANK3   BANK2
      Params:         0       0       0       0       0
      Locals:         0       2       0       0       0
      Temps:          0       1       0       0       0
      Totals:         0       3       0       0       0
Total ram usage:        3 bytes
 Hardware stack levels used:    1
 Hardware stack levels required when called:    2
 This function calls:
		Nothing
 This function is called by:
		_handle_preset_button
 This function uses a non-reentrant model


 *************** function _disarm_motors *****************
 Defined at:
		line 683 in file "nozzle.c"
 Parameters:    Size  Location     Type
		None
 Auto vars:     Size  Location     Type
		None
 Return value:  Size  Location     Type
                  1    wreg      void 
 Registers used:
		wreg, status,2, status,0
 Tracked objects:
		On entry : 
		On exit  : 
		Unchanged: 
 Data sizes:     COMMON   BANK0   BANK1   BANK3   BANK2
      Params:         0       0       0       0       0
      Locals:         0       0       0       0       0
      Temps:          0       1       0       0       0
      Totals:         0       1       0       0       0
Total ram usage:        1 bytes
 Hardware stack levels used:    1
 Hardware stack levels required when called:    2
 This function calls:
		Nothing
 This function is called by:
		_handle_ir_code
 This function uses a non-reentrant model


 *************** function _arm_motors *****************
 Defined at:
		line 663 in file "nozzle.c"
 Parameters:    Size  Location     Type
		None
 Auto vars:     Size  Location     Type
		None
 Return value:  Size  Location     Type
                  1    wreg      void 
 Registers used:
		wreg, fsr0l, fsr0h, status,2, status,0, btemp+1, pclath
 Tracked objects:
		On entry : 
		On exit  : 
		Unchanged: 
 Data sizes:     COMMON   BANK0   BANK1   BANK3   BANK2
      Params:         0       0       0       0       0
      Locals:         0       0       0       0       0
      Temps:          0       1       0       0       0
      Totals:         0       1       0       0       0
Total ram usage:        1 bytes
 Hardware stack levels used:    1
 Hardware stack levels required when called:    2
 This function calls:
		Nothing
 This function is called by:
		_handle_ir_code
 This function uses a non-reentrant model


 *************** function _do_preset_save1 *****************
 Defined at:
		line 875 in file "nozzle.c"
 Parameters:    Size  Location     Type
		None
 Auto vars:     Size  Location     Type
		None
 Return value:  Size  Location     Type
                  1    wreg      void 
 Registers used:
		wreg, status,2, status,0, pclath, cstack
 Tracked objects:
		On entry : 
		On exit  : 
		Unchanged: 
 Data sizes:     COMMON   BANK0   BANK1   BANK3   BANK2
      Params:         0       0       0       0       0
      Locals:         0       0       0       0       0
      Temps:          0       1       0       0       0
      Totals:         0       1       0       0       0
Total ram usage:        1 bytes
 Hardware stack levels used:    1
 Hardware stack levels required when called:    3
 This function calls:
		_motors_tracking
 This function is called by:
		_handle_preset_button
		_main
 This function uses a non-reentrant model


 *************** function _do_preset_center *****************
 Defined at:
		line 847 in file "nozzle.c"
 Parameters:    Size  Location     Type
		None
 Auto vars:     Size  Location     Type
		None
 Return value:  Size  Location     Type
                  1    wreg      void 
 Registers used:
		wreg, fsr0l, fsr0h, status,2, status,0, btemp+1, pclath, cstack
 Tracked objects:
		On entry : 
		On exit  : 
		Unchanged: 
 Data sizes:     COMMON   BANK0   BANK1   BANK3   BANK2
      Params:         0       0       0       0       0
      Locals:         0       0       0       0       0
      Temps:          0       1       0       0       0
      Totals:         0       1       0       0       0
Total ram usage:        1 bytes
 Hardware stack levels used:    1
 Hardware stack levels required when called:    4
 This function calls:
		_motors_tracking
		_update_motors
 This function is called by:
		_handle_preset_button
		_main
 This function uses a non-reentrant model


 *************** function _do_preset_delay1 *****************
 Defined at:
		line 839 in file "nozzle.c"
 Parameters:    Size  Location     Type
		None
 Auto vars:     Size  Location     Type
		None
 Return value:  Size  Location     Type
                  1    wreg      void 
 Registers used:
		wreg, status,2, status,0
 Tracked objects:
		On entry : 
		On exit  : 
		Unchanged: 
 Data sizes:     COMMON   BANK0   BANK1   BANK3   BANK2
      Params:         0       0       0       0       0
      Locals:         0       0       0       0       0
      Temps:          0       1       0       0       0
      Totals:         0       1       0       0       0
Total ram usage:        1 bytes
 Hardware stack levels used:    1
 Hardware stack levels required when called:    2
 This function calls:
		Nothing
 This function is called by:
		_do_preset_center
		_main
 This function uses a non-reentrant model


 *************** function _do_preset_angle *****************
 Defined at:
		line 813 in file "nozzle.c"
 Parameters:    Size  Location     Type
		None
 Auto vars:     Size  Location     Type
  want_angle      1    9[BANK0 ] char 
 Return value:  Size  Location     Type
                  1    wreg      void 
 Registers used:
		wreg, fsr0l, fsr0h, status,2, status,0, btemp+1, pclath, cstack
 Tracked objects:
		On entry : 
		On exit  : 
		Unchanged: 
 Data sizes:     COMMON   BANK0   BANK1   BANK3   BANK2
      Params:         0       0       0       0       0
      Locals:         0       1       0       0       0
      Temps:          0       1       0       0       0
      Totals:         0       2       0       0       0
Total ram usage:        2 bytes
 Hardware stack levels used:    1
 Hardware stack levels required when called:    4
 This function calls:
		_motors_tracking
		_update_motors
 This function is called by:
		_do_preset_delay1
		_main
 This function uses a non-reentrant model


 *************** function _do_preset_delay2 *****************
 Defined at:
		line 805 in file "nozzle.c"
 Parameters:    Size  Location     Type
		None
 Auto vars:     Size  Location     Type
		None
 Return value:  Size  Location     Type
                  1    wreg      void 
 Registers used:
		wreg, status,2, status,0
 Tracked objects:
		On entry : 
		On exit  : 
		Unchanged: 
 Data sizes:     COMMON   BANK0   BANK1   BANK3   BANK2
      Params:         0       0       0       0       0
      Locals:         0       0       0       0       0
      Temps:          0       1       0       0       0
      Totals:         0       1       0       0       0
Total ram usage:        1 bytes
 Hardware stack levels used:    1
 Hardware stack levels required when called:    2
 This function calls:
		Nothing
 This function is called by:
		_do_preset_angle
		_main
 This function uses a non-reentrant model


 *************** function _do_preset_pitch *****************
 Defined at:
		line 780 in file "nozzle.c"
 Parameters:    Size  Location     Type
		None
 Auto vars:     Size  Location     Type
  want_pitch      1   10[BANK0 ] char 
 Return value:  Size  Location     Type
                  1    wreg      void 
 Registers used:
		wreg, fsr0l, fsr0h, status,2, status,0, btemp+1, pclath, cstack
 Tracked objects:
		On entry : 
		On exit  : 
		Unchanged: 
 Data sizes:     COMMON   BANK0   BANK1   BANK3   BANK2
      Params:         0       0       0       0       0
      Locals:         0       1       0       0       0
      Temps:          0       2       0       0       0
      Totals:         0       3       0       0       0
Total ram usage:        3 bytes
 Hardware stack levels used:    1
 Hardware stack levels required when called:    4
 This function calls:
		_motors_tracking
		_update_motors
 This function is called by:
		_do_preset_delay2
		_main
 This function uses a non-reentrant model


 *************** function _do_preset_save2 *****************
 Defined at:
		line 865 in file "nozzle.c"
 Parameters:    Size  Location     Type
		None
 Auto vars:     Size  Location     Type
		None
 Return value:  Size  Location     Type
                  1    wreg      void 
 Registers used:
		wreg, fsr0l, fsr0h, status,2, status,0, btemp+1, pclath, cstack
 Tracked objects:
		On entry : 
		On exit  : 
		Unchanged: 
 Data sizes:     COMMON   BANK0   BANK1   BANK3   BANK2
      Params:         0       0       0       0       0
      Locals:         0       0       0       0       0
      Temps:          0       1       0       0       0
      Totals:         0       1       0       0       0
Total ram usage:        1 bytes
 Hardware stack levels used:    1
 Hardware stack levels required when called:    4
 This function calls:
		_update_motors
 This function is called by:
		_do_preset_save1
		_main
 This function uses a non-reentrant model


 *************** function _update_motors *****************
 Defined at:
		line 691 in file "nozzle.c"
 Parameters:    Size  Location     Type
		None
 Auto vars:     Size  Location     Type
  diff            1    7[BANK0 ] char 
  diff            1    6[BANK0 ] char 
 Return value:  Size  Location     Type
                  1    wreg      void 
 Registers used:
		wreg, fsr0l, fsr0h, status,2, status,0, btemp+1, pclath, cstack
 Tracked objects:
		On entry : 
		On exit  : 
		Unchanged: 
 Data sizes:     COMMON   BANK0   BANK1   BANK3   BANK2
      Params:         0       0       0       0       0
      Locals:         0       2       0       0       0
      Temps:          0       2       0       0       0
      Totals:         0       4       0       0       0
Total ram usage:        4 bytes
 Hardware stack levels used:    1
 Hardware stack levels required when called:    3
 This function calls:
		___bmul
 This function is called by:
		_do_preset_pitch
		_do_preset_angle
		_do_preset_center
		_do_preset_save2
		_handle_preset_button
		_handle_ir_code
 This function uses a non-reentrant model


 *************** function ___bmul *****************
 Defined at:
		line 4 in file "/opt/microchip/xc8/v1.45/sources/common/Umul8.c"
 Parameters:    Size  Location     Type
  multiplier      1    wreg     unsigned char 
  multiplicand    1    0[BANK0 ] unsigned char 
 Auto vars:     Size  Location     Type
  multiplier      1    3[BANK0 ] unsigned char 
  product         1    2[BANK0 ] unsigned char 
 Return value:  Size  Location     Type
                  1    wreg      unsigned char 
 Registers used:
		wreg, status,2, status,0
 Tracked objects:
		On entry : 
		On exit  : 
		Unchanged: 
 Data sizes:     COMMON   BANK0   BANK1   BANK3   BANK2
      Params:         0       1       0       0       0
      Locals:         0       2       0       0       0
      Temps:          0       1       0       0       0
      Totals:         0       4       0       0       0
Total ram usage:        4 bytes
 Hardware stack levels used:    1
 Hardware stack levels required when called:    2
 This function calls:
		Nothing
 This function is called by:
		_motor_tracking
		_motor_home6
		_motor_home5
		_motor_home4
		_motor_home3
		_motor_home2
		_motor_home1
		_update_motors
		_main
 This function uses a non-reentrant model


 *************** function _motors_tracking *****************
 Defined at:
		line 769 in file "nozzle.c"
 Parameters:    Size  Location     Type
		None
 Auto vars:     Size  Location     Type
		None
 Return value:  Size  Location     Type
                  1    wreg      unsigned char 
 Registers used:
		wreg, status,2, status,0
 Tracked objects:
		On entry : 
		On exit  : 
		Unchanged: 
 Data sizes:     COMMON   BANK0   BANK1   BANK3   BANK2
      Params:         0       0       0       0       0
      Locals:         0       0       0       0       0
      Temps:          0       0       0       0       0
      Totals:         0       0       0       0       0
Total ram usage:        0 bytes
 Hardware stack levels used:    1
 Hardware stack levels required when called:    2
 This function calls:
		Nothing
 This function is called by:
		_do_preset_pitch
		_do_preset_angle
		_do_preset_center
		_do_preset_save1
 This function uses a non-reentrant model


 *************** function _capture_adc *****************
 Defined at:
		line 1304 in file "nozzle.c"
 Parameters:    Size  Location     Type
		None
 Auto vars:     Size  Location     Type
  sensor          1    2[BANK0 ] PTR struct .
		 -> sensors(24), 
 Return value:  Size  Location     Type
                  1    wreg      void 
 Registers used:
		wreg, fsr0l, fsr0h, status,2, status,0
 Tracked objects:
		On entry : 
		On exit  : 
		Unchanged: 
 Data sizes:     COMMON   BANK0   BANK1   BANK3   BANK2
      Params:         0       0       0       0       0
      Locals:         0       1       0       0       0
      Temps:          0       2       0       0       0
      Totals:         0       3       0       0       0
Total ram usage:        3 bytes
 Hardware stack levels used:    1
 Hardware stack levels required when called:    2
 This function calls:
		Nothing
 This function is called by:
		_charge_adc
		_main
 This function uses a non-reentrant model


 *************** function _charge_adc *****************
 Defined at:
		line 1375 in file "nozzle.c"
 Parameters:    Size  Location     Type
		None
 Auto vars:     Size  Location     Type
		None
 Return value:  Size  Location     Type
                  1    wreg      void 
 Registers used:
		wreg, status,2, status,0
 Tracked objects:
		On entry : 
		On exit  : 
		Unchanged: 
 Data sizes:     COMMON   BANK0   BANK1   BANK3   BANK2
      Params:         0       0       0       0       0
      Locals:         0       0       0       0       0
      Temps:          0       1       0       0       0
      Totals:         0       1       0       0       0
Total ram usage:        1 bytes
 Hardware stack levels used:    1
 Hardware stack levels required when called:    2
 This function calls:
		Nothing
 This function is called by:
		_capture_adc
		_main
 This function uses a non-reentrant model


 *************** function _isr *****************
 Defined at:
		line 1665 in file "nozzle.c"
 Parameters:    Size  Location     Type
		None
 Auto vars:     Size  Location     Type
		None
 Return value:  Size  Location     Type
                  1    wreg      void 
 Registers used:
		wreg, status,2, status,0, btemp+1, pclath, cstack
 Tracked objects:
		On entry : 
		On exit  : 
		Unchanged: 
 Data sizes:     COMMON   BANK0   BANK1   BANK3   BANK2
      Params:         0       0       0       0       0
      Locals:         0       0       0       0       0
      Temps:          5       0       0       0       0
      Totals:         5       0       0       0       0
Total ram usage:        5 bytes
 Hardware stack levels used:    1
 Hardware stack levels required when called:    1
 This function calls:
		_pwm_off
		_pwm_on
 This function is called by:
		Interrupt level 1
 This function uses a non-reentrant model


 *************** function _pwm_off *****************
 Defined at:
		line 1638 in file "nozzle.c"
 Parameters:    Size  Location     Type
		None
 Auto vars:     Size  Location     Type
  prev_port       1    1[COMMON] unsigned char 
 Return value:  Size  Location     Type
                  1    wreg      void 
 Registers used:
		wreg, status,2, status,0
 Tracked objects:
		On entry : 
		On exit  : 
		Unchanged: 
 Data sizes:     COMMON   BANK0   BANK1   BANK3   BANK2
      Params:         0       0       0       0       0
      Locals:         1       0       0       0       0
      Temps:          1       0       0       0       0
      Totals:         2       0       0       0       0
Total ram usage:        2 bytes
 Hardware stack levels used:    1
 This function calls:
		Nothing
 This function is called by:
		_pwm_on
		_isr
 This function uses a non-reentrant model


 *************** function _pwm_on *****************
 Defined at:
		line 1599 in file "nozzle.c"
 Parameters:    Size  Location     Type
		None
 Auto vars:     Size  Location     Type
  temp_mask       1    1[COMMON] unsigned char 
 Return value:  Size  Location     Type
                  1    wreg      void 
 Registers used:
		wreg, status,2, status,0, btemp+1
 Tracked objects:
		On entry : 
		On exit  : 
		Unchanged: 
 Data sizes:     COMMON   BANK0   BANK1   BANK3   BANK2
      Params:         0       0       0       0       0
      Locals:         1       0       0       0       0
      Temps:          1       0       0       0       0
      Totals:         2       0       0       0       0
Total ram usage:        2 bytes
 Hardware stack levels used:    1
 This function calls:
		Nothing
 This function is called by:
		_pwm_off
		_isr
 This function uses a non-reentrant model



MODULE INFORMATION

Module		Function		Class		Link	Load	Size
/opt/microchip/xc8/v1.45/sources/common/memset.c
		_memset        		CODE           	08BD	0000	31

/opt/microchip/xc8/v1.45/sources/common/memset.c estimated size: 31

shared
		_button8_data  		STRCODE        	024B	0000	72
		__stringtab    		STRCODE        	0100	0000	19
		__i1fptable    		ENTRY          	008D	0000	13
		_sin_table     		STRCODE        	0000	0000	0
		_ir_codes      		STRCODE        	0483	0000	41
		_left_data     		STRCODE        	03AE	0000	72
		_right_data    		STRCODE        	0367	0000	72
		_cos_table     		STRCODE        	0000	0000	0
		_hex_table     		STRCODE        	01AD	0000	17
		_button7_data  		STRCODE        	0292	0000	72
		__initialization		CODE           	0015	0000	55
		_fastfwd_data  		STRCODE        	02D9	0000	72
		_step_to_encoders		STRCODE        	0112	0000	76
		_down_data     		STRCODE        	03F5	0000	72
		_button0_data  		STRCODE        	01BD	0000	72
		_up_data       		STRCODE        	043C	0000	72
		_fastrev_data  		STRCODE        	0320	0000	72
		__fptable      		ENTRY          	004F	0000	63
		_button9_data  		STRCODE        	0204	0000	72

shared estimated size: 1004

nozzle.c
		_motor_home1   		CODE           	0C74	0000	114
		_motor_home2   		CODE           	0C0A	0000	107
		_motor_home3   		CODE           	0970	0000	45
		_motor_home4   		CODE           	0777	0000	128
		_motor_home5   		CODE           	0B04	0000	82
		_motor_home6   		CODE           	0A43	0000	64
		_pwm_off       		CODE           	0922	0000	40
		_do_preset_save1		CODE           	0873	0000	20
		_do_preset_save2		CODE           	0850	0000	17
		_print_text    		CODE           	08FD	0000	38
		_arm_motors    		CODE           	099C	0000	54
		_charge_adc    		CODE           	0840	0000	17
		_motors_tracking		CODE           	0832	0000	15
		_do_preset_angle		CODE           	0A82	0000	65
		_do_preset_pitch		CODE           	0A09	0000	59
		_handle_ir     		CODE           	0BAC	0000	95
		_handle_ir2    		CODE           	0673	0000	261
		_disarm_motors 		CODE           	0826	0000	13
		_main          		CODE           	04C7	0000	429
		_handle_uart   		CODE           	0886	0000	27
		_handle_preset_button		CODE           	0AC2	0000	67
		_motor_tracking		CODE           	0D57	0000	218
		_write_presets 		CODE           	09D1	0000	57
		_handle_ir_code		CODE           	0F0D	0000	244
		_isr           		CODE           	0B55	0000	88
		_do_preset_delay1		CODE           	07F6	0000	11
		_do_preset_delay2		CODE           	081C	0000	11
		_update_motors 		CODE           	0E30	0000	222
		_read_presets  		CODE           	0949	0000	40
		_pwm_on        		CODE           	0099	0000	104
		_motor_idle    		CODE           	0810	0000	2
		_print_byte    		CODE           	08A0	0000	30
		_capture_adc   		CODE           	0CE5	0000	115
		_do_preset_center		CODE           	08DB	0000	35

nozzle.c estimated size: 2934

/opt/microchip/xc8/v1.45/sources/common/Umul8.c
		___bmul        		CODE           	0860	0000	20

/opt/microchip/xc8/v1.45/sources/common/Umul8.c estimated size: 20

